avinash 1
avinash2
avinash3
avinash 1
avinash2
avinash3
